A51 MACRO ASSEMBLER  FIRST                                                                04/29/2025 15:57:11 PAGE     1


MACRO ASSEMBLER A51 V8.2.7.0
OBJECT MODULE PLACED IN .\Objects\first.obj
ASSEMBLER INVOKED BY: C:\Keil_v5\C51\BIN\A51.EXE first.asm SET(SMALL) DEBUG PRINT(.\Listings\first.lst) OBJECT(.\Objects
                      \first.obj) EP

LOC  OBJ            LINE     SOURCE

0000                   1     ORG 00H
0000 7D25              2                     MOV R5,#25H
0002 7F34              3                     MOV R7,#34H
0004 7400              4                     MOV A,#0
0006 2D                5                     ADD A,R5
0007 2F                6                     ADD A,R7
0008 240C              7                     ADD A,#12
000A 80FE              8     HERE:   SJMP HERE
                       9     END
A51 MACRO ASSEMBLER  FIRST                                                                04/29/2025 15:57:11 PAGE     2

SYMBOL TABLE LISTING
------ ----- -------


N A M E             T Y P E  V A L U E   ATTRIBUTES

HERE . . . . . . .  C ADDR   000AH   A   


REGISTER BANK(S) USED: 0 


ASSEMBLY COMPLETE.  0 WARNING(S), 0 ERROR(S)
